가람슬기 
가온 
가온길 
가온누리 
가온들찬빛 
그린나래 
글고운 
기쁨해 
꽃가람 
꽃내 
꽃내음 
꽃채운 
꽃초롱 
꽃큰 
나래 
나래울 
나루해오름 
날애 
내길 
내꽃 
누리보듬 
누리봄 
누림 
눈꽃 
눈솔 
늘봄 
늘예솔 
다슬 
다올 
다와 
다은 
다이 
다흰 
다힘 
도란 
두메꽃 
두빛나래 
든솔 
든해 
든해솔 
들샘 
란새 
리리 
마음새 
맑은가람 
맑은누리 
모두가람 
모해 
물보라 
미나래 
미리별 
밝은빛누리예 
별글 
별솔 
보늬 
보르미 
보미 
보슬 
봄시내 
봄해 
빛글 
빛길 
빛다 
빛솔 
빛초롱 
새나 
새솔 
새얀 
소미 
수련 
슬아 
슬찬 
승아 
시내 
아련나래 
아롱별 
아름나 
아리솔 
아리알찬 
예님 
예다움 
외솔 
움찬 
은솔 
이든샘 
이솔 
재바우 
조히 
진샘 
진솔 
차분나래 
찬내 
찬놀 
찬누리 
찬늘봄 
찬들 
찬솔나라 
찬슬 
초롬 
초롱 
초롱꽃 
큰꽃늘 
큰돌찬 
큰솔 
키움 
통꽃 
튼동 
튼싹 
틀큰 
파라나 
푸르내 
푸른나래 
풀큰 
풋내 
핀아 
하랑 
하련솔 
하예라 
하예진 
한별나라 
한봄찬 
한빛 
한샘가온 
한울 
해늘 
해샘찬 
해솔 
해찬나래 
해찬솔 
미르 
미리내 
마루 
가람 
아라 
희나리 
씨밀레 
벗 
샛별 
소젖 
숯 
한울 
볼우물 
여우별 
매지구름 
아람 
아람치 
느루 
가시버시 
애오라지 
닻별 
다솜 
알범 
가우리 
구다라 
타래 
단미 
그린비 
숯 
산마루 
아미 
언저리 
이든 
아띠 
소담하다 
오릇하다 
성금 
더기 
너울 
너비 
미쁘다 
노루막이 
바오 
새암 
느루 
마수걸이 
애오라지 
내 
베리, 벼리
나룻 
노고지리 
노녘 
높새바람 
높바람 
달소수 
닷곱 
더기 
덧두리 
덧물 
도래샘 
마녘 
마장 
마파람 
샛바람
하늬바람
메 
몽구리 
묏채 
버금 
버시 
부룩소 
살밑 
새녘 
새벽동자 
샛바람 
서리담다 
헤윰 
햇귀 
나르샤 
벌 
한 
온누리 
아사 
달 
시밝 
샛별 
꼬리별, 살별 
별똥별 
붙박이별 
잔별 
가늠 
가래톳 
노량 
가라사니 
갈무리 
개골창 
개구멍받이 
개맹이 
개어귀 
나릿물 
고삿 
고수련 
골갱이 
눈꽃 
곰살궂다 
곰비임비 
구성지다 
구순하다 
구완 
굽바자 
그느르다 
그루잠 
그루터기 
기이다 
기를 
길라잡이 
길섶 
길제 
길품 
겨끔내기 
고빗사위 
까막까치 
깔죽없다 
깜냥 
깨단하다 
꺼병이 
꼲다 
꽃샘 
꿰미 
끄나풀 
끌끌하다 
